qa check on cluster naming process                                                                    22:03 Monday, May 25, 2020   1

The CONTENTS Procedure

Data Set Name        WORK.CLUSTERS                                            Observations          0 
Member Type          DATA                                                     Variables             1 
Engine               V9                                                       Indexes               0 
Created              05/25/2020 22:03:44                                      Observation Length    5 
Last Modified        05/25/2020 22:03:44                                      Deleted Observations  0 
Protection                                                                    Compressed            NO
Data Set Type                                                                 Sorted                NO
Label                                                                                                 
Data Representation  SOLARIS_X86_64, LINUX_X86_64, ALPHA_TRU64, LINUX_IA64                            
Encoding             latin1  Western (ISO)                                                            


                                 Engine/Host Dependent Information

Data Set Page Size          65536                                                                  
Number of Data Set Pages    1                                                                      
First Data Page             1                                                                      
Max Obs per Page            12779                                                                  
Obs in First Data Page      0                                                                      
Number of Data Set Repairs  0                                                                      
Filename                    /temporary/SAS_workCC6800002C0E_ecco.vrdc.cornell.edu/clusters.sas7bdat
Release Created             9.0401M0                                                               
Host Created                Linux                                                                  
Inode Number                7362                                                                   
Access Permission           rw-rw----                                                              
Owner Name                  lv39                                                                   
File Size (bytes)           131072                                                                 


Alphabetic List of Variables and Attributes
 
#    Variable    Type    Len

1    cty         Char      5
qa check on cluster naming process                                                                    22:03 Monday, May 25, 2020   2

The CONTENTS Procedure

Data Set Name        WORK.CLUSTERS                                            Observations          0 
Member Type          DATA                                                     Variables             1 
Engine               V9                                                       Indexes               0 
Created              05/25/2020 22:03:44                                      Observation Length    5 
Last Modified        05/25/2020 22:03:44                                      Deleted Observations  0 
Protection                                                                    Compressed            NO
Data Set Type                                                                 Sorted                NO
Label                                                                                                 
Data Representation  SOLARIS_X86_64, LINUX_X86_64, ALPHA_TRU64, LINUX_IA64                            
Encoding             latin1  Western (ISO)                                                            


                                 Engine/Host Dependent Information

Data Set Page Size          65536                                                                  
Number of Data Set Pages    1                                                                      
First Data Page             1                                                                      
Max Obs per Page            12779                                                                  
Obs in First Data Page      0                                                                      
Number of Data Set Repairs  0                                                                      
Filename                    /temporary/SAS_workCC6800002C0E_ecco.vrdc.cornell.edu/clusters.sas7bdat
Release Created             9.0401M0                                                               
Host Created                Linux                                                                  
Inode Number                7362                                                                   
Access Permission           rw-rw----                                                              
Owner Name                  lv39                                                                   
File Size (bytes)           131072                                                                 


Alphabetic List of Variables and Attributes
 
#    Variable    Type    Len

1    cty         Char      5
qa check on cluster naming process                                                                    22:03 Monday, May 25, 2020   3

The CONTENTS Procedure

Data Set Name        WORK.CLUSTERS                                            Observations          0 
Member Type          DATA                                                     Variables             1 
Engine               V9                                                       Indexes               0 
Created              05/25/2020 22:03:44                                      Observation Length    5 
Last Modified        05/25/2020 22:03:44                                      Deleted Observations  0 
Protection                                                                    Compressed            NO
Data Set Type                                                                 Sorted                NO
Label                                                                                                 
Data Representation  SOLARIS_X86_64, LINUX_X86_64, ALPHA_TRU64, LINUX_IA64                            
Encoding             latin1  Western (ISO)                                                            


                                 Engine/Host Dependent Information

Data Set Page Size          65536                                                                  
Number of Data Set Pages    1                                                                      
First Data Page             1                                                                      
Max Obs per Page            12779                                                                  
Obs in First Data Page      0                                                                      
Number of Data Set Repairs  0                                                                      
Filename                    /temporary/SAS_workCC6800002C0E_ecco.vrdc.cornell.edu/clusters.sas7bdat
Release Created             9.0401M0                                                               
Host Created                Linux                                                                  
Inode Number                7362                                                                   
Access Permission           rw-rw----                                                              
Owner Name                  lv39                                                                   
File Size (bytes)           131072                                                                 


Alphabetic List of Variables and Attributes
 
#    Variable    Type    Len

1    cty         Char      5
qa check on cluster naming process                                                                    22:03 Monday, May 25, 2020   4

The CONTENTS Procedure

Data Set Name        WORK.CLUSTERS                                            Observations          0 
Member Type          DATA                                                     Variables             1 
Engine               V9                                                       Indexes               0 
Created              05/25/2020 22:03:44                                      Observation Length    5 
Last Modified        05/25/2020 22:03:44                                      Deleted Observations  0 
Protection                                                                    Compressed            NO
Data Set Type                                                                 Sorted                NO
Label                                                                                                 
Data Representation  SOLARIS_X86_64, LINUX_X86_64, ALPHA_TRU64, LINUX_IA64                            
Encoding             latin1  Western (ISO)                                                            


                                 Engine/Host Dependent Information

Data Set Page Size          65536                                                                  
Number of Data Set Pages    1                                                                      
First Data Page             1                                                                      
Max Obs per Page            12779                                                                  
Obs in First Data Page      0                                                                      
Number of Data Set Repairs  0                                                                      
Filename                    /temporary/SAS_workCC6800002C0E_ecco.vrdc.cornell.edu/clusters.sas7bdat
Release Created             9.0401M0                                                               
Host Created                Linux                                                                  
Inode Number                7362                                                                   
Access Permission           rw-rw----                                                              
Owner Name                  lv39                                                                   
File Size (bytes)           131072                                                                 


Alphabetic List of Variables and Attributes
 
#    Variable    Type    Len

1    cty         Char      5
qa check on cluster naming process                                                                    22:03 Monday, May 25, 2020   5

The CONTENTS Procedure

Data Set Name        WORK.CLUSTERS                                            Observations          0 
Member Type          DATA                                                     Variables             1 
Engine               V9                                                       Indexes               0 
Created              05/25/2020 22:03:44                                      Observation Length    5 
Last Modified        05/25/2020 22:03:44                                      Deleted Observations  0 
Protection                                                                    Compressed            NO
Data Set Type                                                                 Sorted                NO
Label                                                                                                 
Data Representation  SOLARIS_X86_64, LINUX_X86_64, ALPHA_TRU64, LINUX_IA64                            
Encoding             latin1  Western (ISO)                                                            


                                 Engine/Host Dependent Information

Data Set Page Size          65536                                                                  
Number of Data Set Pages    1                                                                      
First Data Page             1                                                                      
Max Obs per Page            12779                                                                  
Obs in First Data Page      0                                                                      
Number of Data Set Repairs  0                                                                      
Filename                    /temporary/SAS_workCC6800002C0E_ecco.vrdc.cornell.edu/clusters.sas7bdat
Release Created             9.0401M0                                                               
Host Created                Linux                                                                  
Inode Number                7362                                                                   
Access Permission           rw-rw----                                                              
Owner Name                  lv39                                                                   
File Size (bytes)           131072                                                                 


Alphabetic List of Variables and Attributes
 
#    Variable    Type    Len

1    cty         Char      5
qa check on cluster naming process                                                                    22:03 Monday, May 25, 2020   6

The CONTENTS Procedure

Data Set Name        WORK.CLUSTERS                                            Observations          0 
Member Type          DATA                                                     Variables             1 
Engine               V9                                                       Indexes               0 
Created              05/25/2020 22:03:44                                      Observation Length    5 
Last Modified        05/25/2020 22:03:44                                      Deleted Observations  0 
Protection                                                                    Compressed            NO
Data Set Type                                                                 Sorted                NO
Label                                                                                                 
Data Representation  SOLARIS_X86_64, LINUX_X86_64, ALPHA_TRU64, LINUX_IA64                            
Encoding             latin1  Western (ISO)                                                            


                                 Engine/Host Dependent Information

Data Set Page Size          65536                                                                  
Number of Data Set Pages    1                                                                      
First Data Page             1                                                                      
Max Obs per Page            12779                                                                  
Obs in First Data Page      0                                                                      
Number of Data Set Repairs  0                                                                      
Filename                    /temporary/SAS_workCC6800002C0E_ecco.vrdc.cornell.edu/clusters.sas7bdat
Release Created             9.0401M0                                                               
Host Created                Linux                                                                  
Inode Number                7362                                                                   
Access Permission           rw-rw----                                                              
Owner Name                  lv39                                                                   
File Size (bytes)           131072                                                                 


Alphabetic List of Variables and Attributes
 
#    Variable    Type    Len

1    cty         Char      5
qa check on cluster naming process                                                                    22:03 Monday, May 25, 2020   7

The CONTENTS Procedure

Data Set Name        WORK.CLUSTERS                                            Observations          0 
Member Type          DATA                                                     Variables             1 
Engine               V9                                                       Indexes               0 
Created              05/25/2020 22:03:44                                      Observation Length    5 
Last Modified        05/25/2020 22:03:44                                      Deleted Observations  0 
Protection                                                                    Compressed            NO
Data Set Type                                                                 Sorted                NO
Label                                                                                                 
Data Representation  SOLARIS_X86_64, LINUX_X86_64, ALPHA_TRU64, LINUX_IA64                            
Encoding             latin1  Western (ISO)                                                            


                                 Engine/Host Dependent Information

Data Set Page Size          65536                                                                  
Number of Data Set Pages    1                                                                      
First Data Page             1                                                                      
Max Obs per Page            12779                                                                  
Obs in First Data Page      0                                                                      
Number of Data Set Repairs  0                                                                      
Filename                    /temporary/SAS_workCC6800002C0E_ecco.vrdc.cornell.edu/clusters.sas7bdat
Release Created             9.0401M0                                                               
Host Created                Linux                                                                  
Inode Number                7362                                                                   
Access Permission           rw-rw----                                                              
Owner Name                  lv39                                                                   
File Size (bytes)           131072                                                                 


Alphabetic List of Variables and Attributes
 
#    Variable    Type    Len

1    cty         Char      5
qa check on cluster naming process                                                                    22:03 Monday, May 25, 2020   8

The CONTENTS Procedure

Data Set Name        WORK.CLUSTERS                                            Observations          0 
Member Type          DATA                                                     Variables             1 
Engine               V9                                                       Indexes               0 
Created              05/25/2020 22:03:44                                      Observation Length    5 
Last Modified        05/25/2020 22:03:44                                      Deleted Observations  0 
Protection                                                                    Compressed            NO
Data Set Type                                                                 Sorted                NO
Label                                                                                                 
Data Representation  SOLARIS_X86_64, LINUX_X86_64, ALPHA_TRU64, LINUX_IA64                            
Encoding             latin1  Western (ISO)                                                            


                                 Engine/Host Dependent Information

Data Set Page Size          65536                                                                  
Number of Data Set Pages    1                                                                      
First Data Page             1                                                                      
Max Obs per Page            12779                                                                  
Obs in First Data Page      0                                                                      
Number of Data Set Repairs  0                                                                      
Filename                    /temporary/SAS_workCC6800002C0E_ecco.vrdc.cornell.edu/clusters.sas7bdat
Release Created             9.0401M0                                                               
Host Created                Linux                                                                  
Inode Number                7362                                                                   
Access Permission           rw-rw----                                                              
Owner Name                  lv39                                                                   
File Size (bytes)           131072                                                                 


Alphabetic List of Variables and Attributes
 
#    Variable    Type    Len

1    cty         Char      5
qa check on cluster naming process                                                                    22:03 Monday, May 25, 2020   9

The CONTENTS Procedure

Data Set Name        WORK.CLUSTERS                                            Observations          0 
Member Type          DATA                                                     Variables             1 
Engine               V9                                                       Indexes               0 
Created              05/25/2020 22:03:44                                      Observation Length    5 
Last Modified        05/25/2020 22:03:44                                      Deleted Observations  0 
Protection                                                                    Compressed            NO
Data Set Type                                                                 Sorted                NO
Label                                                                                                 
Data Representation  SOLARIS_X86_64, LINUX_X86_64, ALPHA_TRU64, LINUX_IA64                            
Encoding             latin1  Western (ISO)                                                            


                                 Engine/Host Dependent Information

Data Set Page Size          65536                                                                  
Number of Data Set Pages    1                                                                      
First Data Page             1                                                                      
Max Obs per Page            12779                                                                  
Obs in First Data Page      0                                                                      
Number of Data Set Repairs  0                                                                      
Filename                    /temporary/SAS_workCC6800002C0E_ecco.vrdc.cornell.edu/clusters.sas7bdat
Release Created             9.0401M0                                                               
Host Created                Linux                                                                  
Inode Number                7362                                                                   
Access Permission           rw-rw----                                                              
Owner Name                  lv39                                                                   
File Size (bytes)           131072                                                                 


Alphabetic List of Variables and Attributes
 
#    Variable    Type    Len

1    cty         Char      5
qa check on cluster naming process                                                                    22:03 Monday, May 25, 2020  10

The CONTENTS Procedure

Data Set Name        WORK.CLUSTERS                                            Observations          0 
Member Type          DATA                                                     Variables             1 
Engine               V9                                                       Indexes               0 
Created              05/25/2020 22:03:44                                      Observation Length    5 
Last Modified        05/25/2020 22:03:44                                      Deleted Observations  0 
Protection                                                                    Compressed            NO
Data Set Type                                                                 Sorted                NO
Label                                                                                                 
Data Representation  SOLARIS_X86_64, LINUX_X86_64, ALPHA_TRU64, LINUX_IA64                            
Encoding             latin1  Western (ISO)                                                            


                                 Engine/Host Dependent Information

Data Set Page Size          65536                                                                  
Number of Data Set Pages    1                                                                      
First Data Page             1                                                                      
Max Obs per Page            12779                                                                  
Obs in First Data Page      0                                                                      
Number of Data Set Repairs  0                                                                      
Filename                    /temporary/SAS_workCC6800002C0E_ecco.vrdc.cornell.edu/clusters.sas7bdat
Release Created             9.0401M0                                                               
Host Created                Linux                                                                  
Inode Number                7362                                                                   
Access Permission           rw-rw----                                                              
Owner Name                  lv39                                                                   
File Size (bytes)           131072                                                                 


Alphabetic List of Variables and Attributes
 
#    Variable    Type    Len

1    cty         Char      5
qa check on cluster naming process                                                                    22:03 Monday, May 25, 2020  11

The CONTENTS Procedure

Data Set Name        WORK.CLUSTERS                                            Observations          0 
Member Type          DATA                                                     Variables             1 
Engine               V9                                                       Indexes               0 
Created              05/25/2020 22:03:44                                      Observation Length    5 
Last Modified        05/25/2020 22:03:44                                      Deleted Observations  0 
Protection                                                                    Compressed            NO
Data Set Type                                                                 Sorted                NO
Label                                                                                                 
Data Representation  SOLARIS_X86_64, LINUX_X86_64, ALPHA_TRU64, LINUX_IA64                            
Encoding             latin1  Western (ISO)                                                            


                                 Engine/Host Dependent Information

Data Set Page Size          65536                                                                  
Number of Data Set Pages    1                                                                      
First Data Page             1                                                                      
Max Obs per Page            12779                                                                  
Obs in First Data Page      0                                                                      
Number of Data Set Repairs  0                                                                      
Filename                    /temporary/SAS_workCC6800002C0E_ecco.vrdc.cornell.edu/clusters.sas7bdat
Release Created             9.0401M0                                                               
Host Created                Linux                                                                  
Inode Number                7362                                                                   
Access Permission           rw-rw----                                                              
Owner Name                  lv39                                                                   
File Size (bytes)           131072                                                                 


Alphabetic List of Variables and Attributes
 
#    Variable    Type    Len

1    cty         Char      5
qa check on cluster naming process                                                                    22:03 Monday, May 25, 2020  12

The CONTENTS Procedure

Data Set Name        WORK.CLUSTERS                                            Observations          0 
Member Type          DATA                                                     Variables             1 
Engine               V9                                                       Indexes               0 
Created              05/25/2020 22:03:44                                      Observation Length    5 
Last Modified        05/25/2020 22:03:44                                      Deleted Observations  0 
Protection                                                                    Compressed            NO
Data Set Type                                                                 Sorted                NO
Label                                                                                                 
Data Representation  SOLARIS_X86_64, LINUX_X86_64, ALPHA_TRU64, LINUX_IA64                            
Encoding             latin1  Western (ISO)                                                            


                                 Engine/Host Dependent Information

Data Set Page Size          65536                                                                  
Number of Data Set Pages    1                                                                      
First Data Page             1                                                                      
Max Obs per Page            12779                                                                  
Obs in First Data Page      0                                                                      
Number of Data Set Repairs  0                                                                      
Filename                    /temporary/SAS_workCC6800002C0E_ecco.vrdc.cornell.edu/clusters.sas7bdat
Release Created             9.0401M0                                                               
Host Created                Linux                                                                  
Inode Number                7362                                                                   
Access Permission           rw-rw----                                                              
Owner Name                  lv39                                                                   
File Size (bytes)           131072                                                                 


Alphabetic List of Variables and Attributes
 
#    Variable    Type    Len

1    cty         Char      5
qa check on cluster naming process                                                                    22:03 Monday, May 25, 2020  13

The CONTENTS Procedure

Data Set Name        WORK.CLUSTERS                                            Observations          0 
Member Type          DATA                                                     Variables             1 
Engine               V9                                                       Indexes               0 
Created              05/25/2020 22:03:44                                      Observation Length    5 
Last Modified        05/25/2020 22:03:44                                      Deleted Observations  0 
Protection                                                                    Compressed            NO
Data Set Type                                                                 Sorted                NO
Label                                                                                                 
Data Representation  SOLARIS_X86_64, LINUX_X86_64, ALPHA_TRU64, LINUX_IA64                            
Encoding             latin1  Western (ISO)                                                            


                                 Engine/Host Dependent Information

Data Set Page Size          65536                                                                  
Number of Data Set Pages    1                                                                      
First Data Page             1                                                                      
Max Obs per Page            12779                                                                  
Obs in First Data Page      0                                                                      
Number of Data Set Repairs  0                                                                      
Filename                    /temporary/SAS_workCC6800002C0E_ecco.vrdc.cornell.edu/clusters.sas7bdat
Release Created             9.0401M0                                                               
Host Created                Linux                                                                  
Inode Number                7362                                                                   
Access Permission           rw-rw----                                                              
Owner Name                  lv39                                                                   
File Size (bytes)           131072                                                                 


Alphabetic List of Variables and Attributes
 
#    Variable    Type    Len

1    cty         Char      5
qa check on cluster naming process                                                                    22:03 Monday, May 25, 2020  14

The CONTENTS Procedure

Data Set Name        WORK.CLUSTERS                                            Observations          0 
Member Type          DATA                                                     Variables             1 
Engine               V9                                                       Indexes               0 
Created              05/25/2020 22:03:44                                      Observation Length    5 
Last Modified        05/25/2020 22:03:44                                      Deleted Observations  0 
Protection                                                                    Compressed            NO
Data Set Type                                                                 Sorted                NO
Label                                                                                                 
Data Representation  SOLARIS_X86_64, LINUX_X86_64, ALPHA_TRU64, LINUX_IA64                            
Encoding             latin1  Western (ISO)                                                            


                                 Engine/Host Dependent Information

Data Set Page Size          65536                                                                  
Number of Data Set Pages    1                                                                      
First Data Page             1                                                                      
Max Obs per Page            12779                                                                  
Obs in First Data Page      0                                                                      
Number of Data Set Repairs  0                                                                      
Filename                    /temporary/SAS_workCC6800002C0E_ecco.vrdc.cornell.edu/clusters.sas7bdat
Release Created             9.0401M0                                                               
Host Created                Linux                                                                  
Inode Number                7362                                                                   
Access Permission           rw-rw----                                                              
Owner Name                  lv39                                                                   
File Size (bytes)           131072                                                                 


Alphabetic List of Variables and Attributes
 
#    Variable    Type    Len

1    cty         Char      5
qa check on cluster naming process                                                                    22:03 Monday, May 25, 2020  15

The CONTENTS Procedure

Data Set Name        WORK.CLUSTERS                                            Observations          0 
Member Type          DATA                                                     Variables             1 
Engine               V9                                                       Indexes               0 
Created              05/25/2020 22:03:44                                      Observation Length    5 
Last Modified        05/25/2020 22:03:44                                      Deleted Observations  0 
Protection                                                                    Compressed            NO
Data Set Type                                                                 Sorted                NO
Label                                                                                                 
Data Representation  SOLARIS_X86_64, LINUX_X86_64, ALPHA_TRU64, LINUX_IA64                            
Encoding             latin1  Western (ISO)                                                            


                                 Engine/Host Dependent Information

Data Set Page Size          65536                                                                  
Number of Data Set Pages    1                                                                      
First Data Page             1                                                                      
Max Obs per Page            12779                                                                  
Obs in First Data Page      0                                                                      
Number of Data Set Repairs  0                                                                      
Filename                    /temporary/SAS_workCC6800002C0E_ecco.vrdc.cornell.edu/clusters.sas7bdat
Release Created             9.0401M0                                                               
Host Created                Linux                                                                  
Inode Number                7362                                                                   
Access Permission           rw-rw----                                                              
Owner Name                  lv39                                                                   
File Size (bytes)           131072                                                                 


Alphabetic List of Variables and Attributes
 
#    Variable    Type    Len

1    cty         Char      5
qa check on cluster naming process                                                                    22:03 Monday, May 25, 2020  16

The CONTENTS Procedure

Data Set Name        WORK.CLUSTERS                                            Observations          0 
Member Type          DATA                                                     Variables             1 
Engine               V9                                                       Indexes               0 
Created              05/25/2020 22:03:44                                      Observation Length    5 
Last Modified        05/25/2020 22:03:44                                      Deleted Observations  0 
Protection                                                                    Compressed            NO
Data Set Type                                                                 Sorted                NO
Label                                                                                                 
Data Representation  SOLARIS_X86_64, LINUX_X86_64, ALPHA_TRU64, LINUX_IA64                            
Encoding             latin1  Western (ISO)                                                            


                                 Engine/Host Dependent Information

Data Set Page Size          65536                                                                  
Number of Data Set Pages    1                                                                      
First Data Page             1                                                                      
Max Obs per Page            12779                                                                  
Obs in First Data Page      0                                                                      
Number of Data Set Repairs  0                                                                      
Filename                    /temporary/SAS_workCC6800002C0E_ecco.vrdc.cornell.edu/clusters.sas7bdat
Release Created             9.0401M0                                                               
Host Created                Linux                                                                  
Inode Number                7362                                                                   
Access Permission           rw-rw----                                                              
Owner Name                  lv39                                                                   
File Size (bytes)           131072                                                                 


Alphabetic List of Variables and Attributes
 
#    Variable    Type    Len

1    cty         Char      5
qa check on cluster naming process                                                                    22:03 Monday, May 25, 2020  17

The CONTENTS Procedure

Data Set Name        WORK.CLUSTERS                                            Observations          0 
Member Type          DATA                                                     Variables             1 
Engine               V9                                                       Indexes               0 
Created              05/25/2020 22:03:44                                      Observation Length    5 
Last Modified        05/25/2020 22:03:44                                      Deleted Observations  0 
Protection                                                                    Compressed            NO
Data Set Type                                                                 Sorted                NO
Label                                                                                                 
Data Representation  SOLARIS_X86_64, LINUX_X86_64, ALPHA_TRU64, LINUX_IA64                            
Encoding             latin1  Western (ISO)                                                            


                                 Engine/Host Dependent Information

Data Set Page Size          65536                                                                  
Number of Data Set Pages    1                                                                      
First Data Page             1                                                                      
Max Obs per Page            12779                                                                  
Obs in First Data Page      0                                                                      
Number of Data Set Repairs  0                                                                      
Filename                    /temporary/SAS_workCC6800002C0E_ecco.vrdc.cornell.edu/clusters.sas7bdat
Release Created             9.0401M0                                                               
Host Created                Linux                                                                  
Inode Number                7362                                                                   
Access Permission           rw-rw----                                                              
Owner Name                  lv39                                                                   
File Size (bytes)           131072                                                                 


Alphabetic List of Variables and Attributes
 
#    Variable    Type    Len

1    cty         Char      5
qa check on cluster naming process                                                                    22:03 Monday, May 25, 2020  18

The CONTENTS Procedure

Data Set Name        WORK.CLUSTERS                                            Observations          0 
Member Type          DATA                                                     Variables             1 
Engine               V9                                                       Indexes               0 
Created              05/25/2020 22:03:44                                      Observation Length    5 
Last Modified        05/25/2020 22:03:44                                      Deleted Observations  0 
Protection                                                                    Compressed            NO
Data Set Type                                                                 Sorted                NO
Label                                                                                                 
Data Representation  SOLARIS_X86_64, LINUX_X86_64, ALPHA_TRU64, LINUX_IA64                            
Encoding             latin1  Western (ISO)                                                            


                                 Engine/Host Dependent Information

Data Set Page Size          65536                                                                  
Number of Data Set Pages    1                                                                      
First Data Page             1                                                                      
Max Obs per Page            12779                                                                  
Obs in First Data Page      0                                                                      
Number of Data Set Repairs  0                                                                      
Filename                    /temporary/SAS_workCC6800002C0E_ecco.vrdc.cornell.edu/clusters.sas7bdat
Release Created             9.0401M0                                                               
Host Created                Linux                                                                  
Inode Number                7362                                                                   
Access Permission           rw-rw----                                                              
Owner Name                  lv39                                                                   
File Size (bytes)           131072                                                                 


Alphabetic List of Variables and Attributes
 
#    Variable    Type    Len

1    cty         Char      5
qa check on cluster naming process                                                                    22:03 Monday, May 25, 2020  19

The CONTENTS Procedure

Data Set Name        WORK.CLUSTERS                                            Observations          0 
Member Type          DATA                                                     Variables             1 
Engine               V9                                                       Indexes               0 
Created              05/25/2020 22:03:44                                      Observation Length    5 
Last Modified        05/25/2020 22:03:44                                      Deleted Observations  0 
Protection                                                                    Compressed            NO
Data Set Type                                                                 Sorted                NO
Label                                                                                                 
Data Representation  SOLARIS_X86_64, LINUX_X86_64, ALPHA_TRU64, LINUX_IA64                            
Encoding             latin1  Western (ISO)                                                            


                                 Engine/Host Dependent Information

Data Set Page Size          65536                                                                  
Number of Data Set Pages    1                                                                      
First Data Page             1                                                                      
Max Obs per Page            12779                                                                  
Obs in First Data Page      0                                                                      
Number of Data Set Repairs  0                                                                      
Filename                    /temporary/SAS_workCC6800002C0E_ecco.vrdc.cornell.edu/clusters.sas7bdat
Release Created             9.0401M0                                                               
Host Created                Linux                                                                  
Inode Number                7362                                                                   
Access Permission           rw-rw----                                                              
Owner Name                  lv39                                                                   
File Size (bytes)           131072                                                                 


Alphabetic List of Variables and Attributes
 
#    Variable    Type    Len

1    cty         Char      5
qa check on cluster naming process                                                                    22:03 Monday, May 25, 2020  20

The CONTENTS Procedure

Data Set Name        WORK.CLUSTERS                                            Observations          0 
Member Type          DATA                                                     Variables             1 
Engine               V9                                                       Indexes               0 
Created              05/25/2020 22:03:44                                      Observation Length    5 
Last Modified        05/25/2020 22:03:44                                      Deleted Observations  0 
Protection                                                                    Compressed            NO
Data Set Type                                                                 Sorted                NO
Label                                                                                                 
Data Representation  SOLARIS_X86_64, LINUX_X86_64, ALPHA_TRU64, LINUX_IA64                            
Encoding             latin1  Western (ISO)                                                            


                                 Engine/Host Dependent Information

Data Set Page Size          65536                                                                  
Number of Data Set Pages    1                                                                      
First Data Page             1                                                                      
Max Obs per Page            12779                                                                  
Obs in First Data Page      0                                                                      
Number of Data Set Repairs  0                                                                      
Filename                    /temporary/SAS_workCC6800002C0E_ecco.vrdc.cornell.edu/clusters.sas7bdat
Release Created             9.0401M0                                                               
Host Created                Linux                                                                  
Inode Number                7362                                                                   
Access Permission           rw-rw----                                                              
Owner Name                  lv39                                                                   
File Size (bytes)           131072                                                                 


Alphabetic List of Variables and Attributes
 
#    Variable    Type    Len

1    cty         Char      5
qa check on cluster naming process                                                                    22:03 Monday, May 25, 2020  21

The CONTENTS Procedure

Data Set Name        WORK.CLUSTERS                                            Observations          0 
Member Type          DATA                                                     Variables             1 
Engine               V9                                                       Indexes               0 
Created              05/25/2020 22:03:44                                      Observation Length    5 
Last Modified        05/25/2020 22:03:44                                      Deleted Observations  0 
Protection                                                                    Compressed            NO
Data Set Type                                                                 Sorted                NO
Label                                                                                                 
Data Representation  SOLARIS_X86_64, LINUX_X86_64, ALPHA_TRU64, LINUX_IA64                            
Encoding             latin1  Western (ISO)                                                            


                                 Engine/Host Dependent Information

Data Set Page Size          65536                                                                  
Number of Data Set Pages    1                                                                      
First Data Page             1                                                                      
Max Obs per Page            12779                                                                  
Obs in First Data Page      0                                                                      
Number of Data Set Repairs  0                                                                      
Filename                    /temporary/SAS_workCC6800002C0E_ecco.vrdc.cornell.edu/clusters.sas7bdat
Release Created             9.0401M0                                                               
Host Created                Linux                                                                  
Inode Number                7362                                                                   
Access Permission           rw-rw----                                                              
Owner Name                  lv39                                                                   
File Size (bytes)           131072                                                                 


Alphabetic List of Variables and Attributes
 
#    Variable    Type    Len

1    cty         Char      5
qa check on cluster naming process                                                                    22:03 Monday, May 25, 2020  22

The CONTENTS Procedure

Data Set Name        WORK.CLUSTERS                                            Observations          0 
Member Type          DATA                                                     Variables             1 
Engine               V9                                                       Indexes               0 
Created              05/25/2020 22:03:44                                      Observation Length    5 
Last Modified        05/25/2020 22:03:44                                      Deleted Observations  0 
Protection                                                                    Compressed            NO
Data Set Type                                                                 Sorted                NO
Label                                                                                                 
Data Representation  SOLARIS_X86_64, LINUX_X86_64, ALPHA_TRU64, LINUX_IA64                            
Encoding             latin1  Western (ISO)                                                            


                                 Engine/Host Dependent Information

Data Set Page Size          65536                                                                  
Number of Data Set Pages    1                                                                      
First Data Page             1                                                                      
Max Obs per Page            12779                                                                  
Obs in First Data Page      0                                                                      
Number of Data Set Repairs  0                                                                      
Filename                    /temporary/SAS_workCC6800002C0E_ecco.vrdc.cornell.edu/clusters.sas7bdat
Release Created             9.0401M0                                                               
Host Created                Linux                                                                  
Inode Number                7362                                                                   
Access Permission           rw-rw----                                                              
Owner Name                  lv39                                                                   
File Size (bytes)           131072                                                                 


Alphabetic List of Variables and Attributes
 
#    Variable    Type    Len

1    cty         Char      5
qa check on cluster naming process                                                                    22:03 Monday, May 25, 2020  23

The CONTENTS Procedure

Data Set Name        WORK.CLUSTERS                                            Observations          0 
Member Type          DATA                                                     Variables             1 
Engine               V9                                                       Indexes               0 
Created              05/25/2020 22:03:44                                      Observation Length    5 
Last Modified        05/25/2020 22:03:44                                      Deleted Observations  0 
Protection                                                                    Compressed            NO
Data Set Type                                                                 Sorted                NO
Label                                                                                                 
Data Representation  SOLARIS_X86_64, LINUX_X86_64, ALPHA_TRU64, LINUX_IA64                            
Encoding             latin1  Western (ISO)                                                            


                                 Engine/Host Dependent Information

Data Set Page Size          65536                                                                  
Number of Data Set Pages    1                                                                      
First Data Page             1                                                                      
Max Obs per Page            12779                                                                  
Obs in First Data Page      0                                                                      
Number of Data Set Repairs  0                                                                      
Filename                    /temporary/SAS_workCC6800002C0E_ecco.vrdc.cornell.edu/clusters.sas7bdat
Release Created             9.0401M0                                                               
Host Created                Linux                                                                  
Inode Number                7362                                                                   
Access Permission           rw-rw----                                                              
Owner Name                  lv39                                                                   
File Size (bytes)           131072                                                                 


Alphabetic List of Variables and Attributes
 
#    Variable    Type    Len

1    cty         Char      5
qa check on cluster naming process                                                                    22:03 Monday, May 25, 2020  24

The CONTENTS Procedure

Data Set Name        WORK.CLUSTERS                                            Observations          0 
Member Type          DATA                                                     Variables             1 
Engine               V9                                                       Indexes               0 
Created              05/25/2020 22:03:44                                      Observation Length    5 
Last Modified        05/25/2020 22:03:44                                      Deleted Observations  0 
Protection                                                                    Compressed            NO
Data Set Type                                                                 Sorted                NO
Label                                                                                                 
Data Representation  SOLARIS_X86_64, LINUX_X86_64, ALPHA_TRU64, LINUX_IA64                            
Encoding             latin1  Western (ISO)                                                            


                                 Engine/Host Dependent Information

Data Set Page Size          65536                                                                  
Number of Data Set Pages    1                                                                      
First Data Page             1                                                                      
Max Obs per Page            12779                                                                  
Obs in First Data Page      0                                                                      
Number of Data Set Repairs  0                                                                      
Filename                    /temporary/SAS_workCC6800002C0E_ecco.vrdc.cornell.edu/clusters.sas7bdat
Release Created             9.0401M0                                                               
Host Created                Linux                                                                  
Inode Number                7362                                                                   
Access Permission           rw-rw----                                                              
Owner Name                  lv39                                                                   
File Size (bytes)           131072                                                                 


Alphabetic List of Variables and Attributes
 
#    Variable    Type    Len

1    cty         Char      5
qa check on cluster naming process                                                                    22:03 Monday, May 25, 2020  25

The CONTENTS Procedure

Data Set Name        WORK.CLUSTERS                                            Observations          0 
Member Type          DATA                                                     Variables             1 
Engine               V9                                                       Indexes               0 
Created              05/25/2020 22:03:44                                      Observation Length    5 
Last Modified        05/25/2020 22:03:44                                      Deleted Observations  0 
Protection                                                                    Compressed            NO
Data Set Type                                                                 Sorted                NO
Label                                                                                                 
Data Representation  SOLARIS_X86_64, LINUX_X86_64, ALPHA_TRU64, LINUX_IA64                            
Encoding             latin1  Western (ISO)                                                            


                                 Engine/Host Dependent Information

Data Set Page Size          65536                                                                  
Number of Data Set Pages    1                                                                      
First Data Page             1                                                                      
Max Obs per Page            12779                                                                  
Obs in First Data Page      0                                                                      
Number of Data Set Repairs  0                                                                      
Filename                    /temporary/SAS_workCC6800002C0E_ecco.vrdc.cornell.edu/clusters.sas7bdat
Release Created             9.0401M0                                                               
Host Created                Linux                                                                  
Inode Number                7362                                                                   
Access Permission           rw-rw----                                                              
Owner Name                  lv39                                                                   
File Size (bytes)           131072                                                                 


Alphabetic List of Variables and Attributes
 
#    Variable    Type    Len

1    cty         Char      5
qa check on cluster naming process                                                                    22:03 Monday, May 25, 2020  26

The CONTENTS Procedure

Data Set Name        WORK.CLUSTERS                                            Observations          0 
Member Type          DATA                                                     Variables             1 
Engine               V9                                                       Indexes               0 
Created              05/25/2020 22:03:44                                      Observation Length    5 
Last Modified        05/25/2020 22:03:44                                      Deleted Observations  0 
Protection                                                                    Compressed            NO
Data Set Type                                                                 Sorted                NO
Label                                                                                                 
Data Representation  SOLARIS_X86_64, LINUX_X86_64, ALPHA_TRU64, LINUX_IA64                            
Encoding             latin1  Western (ISO)                                                            


                                 Engine/Host Dependent Information

Data Set Page Size          65536                                                                  
Number of Data Set Pages    1                                                                      
First Data Page             1                                                                      
Max Obs per Page            12779                                                                  
Obs in First Data Page      0                                                                      
Number of Data Set Repairs  0                                                                      
Filename                    /temporary/SAS_workCC6800002C0E_ecco.vrdc.cornell.edu/clusters.sas7bdat
Release Created             9.0401M0                                                               
Host Created                Linux                                                                  
Inode Number                7362                                                                   
Access Permission           rw-rw----                                                              
Owner Name                  lv39                                                                   
File Size (bytes)           131072                                                                 


Alphabetic List of Variables and Attributes
 
#    Variable    Type    Len

1    cty         Char      5
qa check on cluster naming process                                                                    22:03 Monday, May 25, 2020  27

The CONTENTS Procedure

Data Set Name        WORK.CLUSTERS                                            Observations          0 
Member Type          DATA                                                     Variables             1 
Engine               V9                                                       Indexes               0 
Created              05/25/2020 22:03:44                                      Observation Length    5 
Last Modified        05/25/2020 22:03:44                                      Deleted Observations  0 
Protection                                                                    Compressed            NO
Data Set Type                                                                 Sorted                NO
Label                                                                                                 
Data Representation  SOLARIS_X86_64, LINUX_X86_64, ALPHA_TRU64, LINUX_IA64                            
Encoding             latin1  Western (ISO)                                                            


                                 Engine/Host Dependent Information

Data Set Page Size          65536                                                                  
Number of Data Set Pages    1                                                                      
First Data Page             1                                                                      
Max Obs per Page            12779                                                                  
Obs in First Data Page      0                                                                      
Number of Data Set Repairs  0                                                                      
Filename                    /temporary/SAS_workCC6800002C0E_ecco.vrdc.cornell.edu/clusters.sas7bdat
Release Created             9.0401M0                                                               
Host Created                Linux                                                                  
Inode Number                7362                                                                   
Access Permission           rw-rw----                                                              
Owner Name                  lv39                                                                   
File Size (bytes)           131072                                                                 


Alphabetic List of Variables and Attributes
 
#    Variable    Type    Len

1    cty         Char      5
qa check on cluster naming process                                                                    22:03 Monday, May 25, 2020  28

The CONTENTS Procedure

Data Set Name        WORK.CLUSTERS                                            Observations          0 
Member Type          DATA                                                     Variables             1 
Engine               V9                                                       Indexes               0 
Created              05/25/2020 22:03:44                                      Observation Length    5 
Last Modified        05/25/2020 22:03:44                                      Deleted Observations  0 
Protection                                                                    Compressed            NO
Data Set Type                                                                 Sorted                NO
Label                                                                                                 
Data Representation  SOLARIS_X86_64, LINUX_X86_64, ALPHA_TRU64, LINUX_IA64                            
Encoding             latin1  Western (ISO)                                                            


                                 Engine/Host Dependent Information

Data Set Page Size          65536                                                                  
Number of Data Set Pages    1                                                                      
First Data Page             1                                                                      
Max Obs per Page            12779                                                                  
Obs in First Data Page      0                                                                      
Number of Data Set Repairs  0                                                                      
Filename                    /temporary/SAS_workCC6800002C0E_ecco.vrdc.cornell.edu/clusters.sas7bdat
Release Created             9.0401M0                                                               
Host Created                Linux                                                                  
Inode Number                7362                                                                   
Access Permission           rw-rw----                                                              
Owner Name                  lv39                                                                   
File Size (bytes)           131072                                                                 


Alphabetic List of Variables and Attributes
 
#    Variable    Type    Len

1    cty         Char      5
qa check on cluster naming process                                                                    22:03 Monday, May 25, 2020  29

The CONTENTS Procedure

Data Set Name        WORK.CLUSTERS                                            Observations          0 
Member Type          DATA                                                     Variables             1 
Engine               V9                                                       Indexes               0 
Created              05/25/2020 22:03:44                                      Observation Length    5 
Last Modified        05/25/2020 22:03:44                                      Deleted Observations  0 
Protection                                                                    Compressed            NO
Data Set Type                                                                 Sorted                NO
Label                                                                                                 
Data Representation  SOLARIS_X86_64, LINUX_X86_64, ALPHA_TRU64, LINUX_IA64                            
Encoding             latin1  Western (ISO)                                                            


                                 Engine/Host Dependent Information

Data Set Page Size          65536                                                                  
Number of Data Set Pages    1                                                                      
First Data Page             1                                                                      
Max Obs per Page            12779                                                                  
Obs in First Data Page      0                                                                      
Number of Data Set Repairs  0                                                                      
Filename                    /temporary/SAS_workCC6800002C0E_ecco.vrdc.cornell.edu/clusters.sas7bdat
Release Created             9.0401M0                                                               
Host Created                Linux                                                                  
Inode Number                7362                                                                   
Access Permission           rw-rw----                                                              
Owner Name                  lv39                                                                   
File Size (bytes)           131072                                                                 


Alphabetic List of Variables and Attributes
 
#    Variable    Type    Len

1    cty         Char      5
qa check on cluster naming process                                                                    22:03 Monday, May 25, 2020  30

The CONTENTS Procedure

Data Set Name        WORK.CLUSTERS                                            Observations          0 
Member Type          DATA                                                     Variables             1 
Engine               V9                                                       Indexes               0 
Created              05/25/2020 22:03:44                                      Observation Length    5 
Last Modified        05/25/2020 22:03:44                                      Deleted Observations  0 
Protection                                                                    Compressed            NO
Data Set Type                                                                 Sorted                NO
Label                                                                                                 
Data Representation  SOLARIS_X86_64, LINUX_X86_64, ALPHA_TRU64, LINUX_IA64                            
Encoding             latin1  Western (ISO)                                                            


                                 Engine/Host Dependent Information

Data Set Page Size          65536                                                                  
Number of Data Set Pages    1                                                                      
First Data Page             1                                                                      
Max Obs per Page            12779                                                                  
Obs in First Data Page      0                                                                      
Number of Data Set Repairs  0                                                                      
Filename                    /temporary/SAS_workCC6800002C0E_ecco.vrdc.cornell.edu/clusters.sas7bdat
Release Created             9.0401M0                                                               
Host Created                Linux                                                                  
Inode Number                7362                                                                   
Access Permission           rw-rw----                                                              
Owner Name                  lv39                                                                   
File Size (bytes)           131072                                                                 


Alphabetic List of Variables and Attributes
 
#    Variable    Type    Len

1    cty         Char      5
